cache-1  | 1:C 20 Jan 2025 22:49:10.998 # WARNING Memory overcommit must be enabled! Without it, a background save or replication may fail under low memory condition. Being disabled, it can also cause failures without low memory condition, see https://github.com/jemalloc/jemalloc/issues/1328. To fix this issue add 'vm.overcommit_memory = 1' to /etc/sysctl.conf and then reboot or run the command 'sysctl vm.overcommit_memory=1' for this to take effect.
cache-1  | 1:C 20 Jan 2025 22:49:10.998 * oO0OoO0OoO0Oo Redis is starting oO0OoO0OoO0Oo
cache-1  | 1:C 20 Jan 2025 22:49:10.998 * Redis version=7.4.2, bits=64, commit=00000000, modified=0, pid=1, just started
cache-1  | 1:C 20 Jan 2025 22:49:10.998 * Configuration loaded
cache-1  | 1:M 20 Jan 2025 22:49:10.999 * monotonic clock: POSIX clock_gettime
cache-1  | 1:M 20 Jan 2025 22:49:10.999 * Running mode=standalone, port=6379.
relational_db-1  | The files belonging to this database system will be owned by user "postgres".
relational_db-1  | This user must also own the server process.
relational_db-1  | 
relational_db-1  | The database cluster will be initialized with locale "en_US.utf8".
relational_db-1  | The default database encoding has accordingly been set to "UTF8".
relational_db-1  | The default text search configuration will be set to "english".
relational_db-1  | 
relational_db-1  | Data page checksums are disabled.
relational_db-1  | 
relational_db-1  | fixing permissions on existing directory /var/lib/postgresql/data ... ok
relational_db-1  | creating subdirectories ... ok
relational_db-1  | selecting dynamic shared memory implementation ... posix
relational_db-1  | selecting default max_connections ... 100
relational_db-1  | selecting default shared_buffers ... 128MB
relational_db-1  | selecting default time zone ... UTC
relational_db-1  | creating configuration files ... ok
relational_db-1  | running bootstrap script ... ok
relational_db-1  | sh: locale: not found
relational_db-1  | 2025-01-20 22:49:11.378 UTC [30] WARNING:  no usable system locales were found
relational_db-1  | performing post-bootstrap initialization ... ok
relational_db-1  | initdb: warning: enabling "trust" authentication for local connections
relational_db-1  | initdb: hint: You can change this by editing pg_hba.conf or using the option -A, or --auth-local and --auth-host, the next time you run initdb.
relational_db-1  | syncing data to disk ... ok
relational_db-1  | 
relational_db-1  | 
relational_db-1  | Success. You can now start the database server using:
relational_db-1  | 
relational_db-1  |     pg_ctl -D /var/lib/postgresql/data -l logfile start
relational_db-1  | 
cache-1          | 1:M 20 Jan 2025 22:49:11.000 * Server initialized
relational_db-1  | waiting for server to start....2025-01-20 22:49:11.851 UTC [36] LOG:  starting PostgreSQL 15.2 on x86_64-pc-linux-musl, compiled by gcc (Alpine 12.2.1_git20220924-r4) 12.2.1 20220924, 64-bit
cache-1          | 1:M 20 Jan 2025 22:49:11.000 * Ready to accept connections tcp
relational_db-1  | 2025-01-20 22:49:11.855 UTC [36] LOG:  listening on Unix socket "/var/run/postgresql/.s.PGSQL.5432"
relational_db-1  | 2025-01-20 22:49:11.866 UTC [39] LOG:  database system was shut down at 2025-01-20 22:49:11 UTC
relational_db-1  | 2025-01-20 22:49:11.876 UTC [36] LOG:  database system is ready to accept connections
relational_db-1  |  done
relational_db-1  | server started
relational_db-1  | 
relational_db-1  | /usr/local/bin/docker-entrypoint.sh: ignoring /docker-entrypoint-initdb.d/*
relational_db-1  | 
api_server-1     | INFO  [alembic.runtime.migration] Context impl PostgresqlImpl.
api_server-1     | INFO  [alembic.runtime.migration] Will assume transactional DDL.
api_server-1     | The cache for model files in Transformers v4.22.0 has been updated. Migrating your old cache. This is a one-time only operation. You can interrupt this and resume the migration later on by calling `transformers.utils.move_cache()`.
api_server-1     | 0it [00:00, ?it/s]0it [00:00, ?it/s]
api_server-1     | None of PyTorch, TensorFlow >= 2.0, or Flax have been found. Models won't be available and only tokenizers, configuration and file/data utilities can be used.
api_server-1             | INFO  [alembic.runtime.migration] Running upgrade  -> 47433d30de82, Create IndexAttempt table
api_server-1             | INFO  [alembic.runtime.migration] Running upgrade 47433d30de82 -> 6d387b3196c2, Basic Auth
api_server-1             | INFO  [alembic.runtime.migration] Running upgrade 6d387b3196c2 -> 2666d766cb9b, Google OAuth2
api_server-1             | INFO  [alembic.runtime.migration] Running upgrade 2666d766cb9b -> 27c6ecc08586, Permission Framework
api_server-1             | INFO  [alembic.runtime.migration] Running upgrade 27c6ecc08586 -> 3c5e35aa9af0, Polling Document Count
index-1                  | runserver(configserver) running with pid: 19
index-1                  | Starting config proxy using tcp/541f2852aac7:19070 as config source(s)
index-1                  | Waiting for config proxy to start
index-1                  | runserver(configproxy) running with pid: 70
index-1                  | config proxy started after 0s (runserver pid 70)
index-1                  | runserver(config-sentinel) running with pid: 147
inference_model_server-1  | INFO:     Started server process [1]
index-1                   | [2025-01-20 22:49:11.025] INFO    configserver     just-start-configserver	JVM exec: [java -XX:ActiveProcessorCount=32 -XX:+PreserveFramePointer -XX:+HeapDumpOnOutOfMemoryError -XX:HeapDumpPath=/opt/vespa/var/crash -XX:ErrorFile=/opt/vespa/var/crash/hs_err_pid%p.log -XX:+ExitOnOutOfMemoryError -XX:MaxJavaStackTraceDepth=1000000 -XX:-OmitStackTraceInFastThrow --add-opens=java.base/java.io=ALL-UNNAMED --add-opens=java.base/java.lang=ALL-UNNAMED --add-opens=java.base/java.net=ALL-UNNAMED --add-opens=java.base/java.nio=ALL-UNNAMED --add-opens=java.base/jdk.internal.loader=ALL-UNNAMED --add-opens=java.base/sun.security.ssl=ALL-UNNAMED -Djava.io.tmpdir=/opt/vespa/var/tmp -Djava.library.path=/opt/vespa/lib64:/opt/vespa-deps/lib64 -Djava.security.properties=/opt/vespa/conf/vespa/java.security.override -Djava.awt.headless=true -Dsun.rmi.dgc.client.gcInterval=3600000 -Dsun.net.client.defaultConnectTimeout=5000 -Dsun.net.client.defaultReadTimeout=60000 -Djavax.net.ssl.keyStoreType=JKS -Djdk.tls.rejectClientInitiatedRenegotiation=true -Dfile.encoding=UTF-8 -Dorg.apache.commons.logging.Log=org.apache.commons.logging.impl.Jdk14Logger -Djdisc.bundle.path=/opt/vespa/lib/jars -Djdisc.logger.enabled=false -Djdisc.logger.level=WARNING -Dvespa.log.control.dir=/opt/vespa/var/db/vespa/logcontrol -Djdisc.export.packages= -Djdisc.config.file=/opt/vespa/var/jdisc_container/configserver.properties -Djdisc.cache.path=/opt/vespa/var/vespa/bundlecache/configserver -Djdisc.logger.tag=configserver -Dzookeeper_log_file_prefix=/opt/vespa/logs/vespa/zookeeper.configserver -Xms128m -Xmx2g -XX:+UseTransparentHugePages -cp /opt/vespa/lib/jars/jdisc_core-jar-with-dependencies.jar com.yahoo.jdisc.core.StandaloneMain standalone-container-jar-with-dependencies.jar]
inference_model_server-1  | INFO:     Waiting for application startup.
inference_model_server-1  | [94mNOTICE[0m:   01/20/2025 10:49:15 PM                        main.py   66: GPU is not available, using CPU
api_server-1             | INFO  [alembic.runtime.migration] Running upgrade 3c5e35aa9af0 -> 465f78d9b7f9, Larger Access Tokens for OAUTH
inference_model_server-1  | [94mNOTICE[0m:   01/20/2025 10:49:15 PM                        main.py   69: Moving contents of temp_huggingface to huggingface cache.
api_server-1              | INFO  [alembic.runtime.migration] Running upgrade 465f78d9b7f9 -> d7111c1238cd, Remove Document IDs
index-1                   | [2025-01-20 22:49:11.060] INFO    configproxy      just-run-configproxy	JVM env:  LD_LIBRARY_PATH=/opt/vespa/lib64:/opt/vespa-deps/lib64 MALLOC_ARENA_MAX=1 VESPA_LOG_CONTROL_DIR=/opt/vespa/var/db/vespa/logcontrol VESPA_LOG_CONTROL_FILE=/opt/vespa/var/db/vespa/logcontrol/configproxy.logcontrol VESPA_LOG_TARGET=file:/opt/vespa/logs/vespa/vespa.log VESPA_SERVICE_NAME=configproxy
inference_model_server-1  | [94mNOTICE[0m:   01/20/2025 10:49:17 PM                        main.py   72: Moved contents of temp_huggingface to huggingface cache.
relational_db-1          | waiting for server to shut down....2025-01-20 22:49:11.944 UTC [36] LOG:  received fast shutdown request
relational_db-1           | 2025-01-20 22:49:11.948 UTC [36] LOG:  aborting any active transactions
api_server-1              | INFO  [alembic.runtime.migration] Running upgrade d7111c1238cd -> df0c7ad8a076, Added deletion_attempt table
relational_db-1           | 2025-01-20 22:49:11.949 UTC [36] LOG:  background worker "logical replication launcher" (PID 42) exited with exit code 1
api_server-1              | INFO  [alembic.runtime.migration] Running upgrade df0c7ad8a076 -> b082fec533f0, Make 'last_attempt_status' nullable
api_server-1              | INFO  [alembic.runtime.migration] Running upgrade b082fec533f0 -> e6a4bbc13fe4, Add index for retrieving latest index_attempt
inference_model_server-1  | [94mNOTICE[0m:   01/20/2025 10:49:17 PM                        main.py   75: Torch Threads: 16
api_server-1              | INFO  [alembic.runtime.migration] Running upgrade e6a4bbc13fe4 -> 5e84129c8be3, Add docs_indexed_column + time_started to index_attempt table
api_server-1              | INFO  [alembic.runtime.migration] Running upgrade 5e84129c8be3 -> 8aabb57f3b49, Restructure Document Indices
inference_model_server-1  | [94mNOTICE[0m:   01/20/2025 10:49:17 PM               custom_models.py  184: Warming up Intent Model: danswer/hybrid-intent-token-classifier
api_server-1              | INFO  [alembic.runtime.migration] Running upgrade 8aabb57f3b49 -> d929f0c1c6af, Feedback Feature
api_server-1              | INFO  [alembic.runtime.migration] Running upgrade d929f0c1c6af -> 5809c0787398, Add Chat Sessions
inference_model_server-1  | /usr/local/lib/python3.11/site-packages/huggingface_hub/file_download.py:795: FutureWarning: `resume_download` is deprecated and will be removed in version 1.0.0. Downloads always resume when possible. If you want to force a new download, use `force_download=True`.
api_server-1              | INFO  [alembic.runtime.migration] Running upgrade 5809c0787398 -> 8e26726b7683, Chat Context Addition
inference_model_server-1  |   warnings.warn(
api_server-1              | INFO  [alembic.runtime.migration] Running upgrade 8e26726b7683 -> d5645c915d0e, Remove deletion_attempt table
inference_model_server-1  | [94mNOTICE[0m:   01/20/2025 10:49:17 PM               custom_models.py   94: Loading model from local cache: danswer/hybrid-intent-token-classifier
inference_model_server-1  | [94mNOTICE[0m:   01/20/2025 10:49:17 PM               custom_models.py   99: Loaded model from local cache: /root/.cache/huggingface/hub/models--danswer--hybrid-intent-token-classifier/snapshots/54ed7e946f84a252c5d4e5d7a0bc839f466e9c64
indexing_model_server-1  | INFO:     Started server process [1]
inference_model_server-1  | INFO:     Application startup complete.
inference_model_server-1  | INFO:     Uvicorn running on http://0.0.0.0:9000 (Press CTRL+C to quit)
inference_model_server-1  | [92mINFO[0m:     01/20/2025 10:49:31 PM                    encoders.py  380: Embedding 1 texts with 88 total characters with local model: nomic-ai/nomic-embed-text-v1
api_server-1              | INFO  [alembic.runtime.migration] Running upgrade d5645c915d0e -> dba7f71618f5, Onyx Custom Tool Flow
relational_db-1           | 2025-01-20 22:49:11.949 UTC [37] LOG:  shutting down
api_server-1              | INFO  [alembic.runtime.migration] Running upgrade dba7f71618f5 -> 767f1c2a00eb, Count Chat Tokens
api_server-1              | INFO  [alembic.runtime.migration] Running upgrade 767f1c2a00eb -> 800f48024ae9, Add ID to ConnectorCredentialPair
api_server-1              | INFO  [alembic.runtime.migration] Running upgrade 800f48024ae9 -> 57b53544726e, Add document set tables
api_server-1              | INFO  [alembic.runtime.migration] Running upgrade 57b53544726e -> febe9eaa0644, Add document_set / persona relationship table
api_server-1              | INFO  [alembic.runtime.migration] Running upgrade febe9eaa0644 -> 7da543f5672f, Add SlackBotConfig table
api_server-1              | INFO  [alembic.runtime.migration] Running upgrade 7da543f5672f -> ae62505e3acc, Add SAML Accounts
api_server-1              | INFO  [alembic.runtime.migration] Running upgrade ae62505e3acc -> e0a68a81d434, Add Chat Feedback
relational_db-1           | 2025-01-20 22:49:11.952 UTC [37] LOG:  checkpoint starting: shutdown immediate
nginx-1                   | Waiting for API server to boot up; this may take a minute or two...
index-1                   | [2025-01-20 22:49:11.060] INFO    configproxy      just-run-configproxy	JVM exec: [java -XX:+ExitOnOutOfMemoryError -XX:+PreserveFramePointer -XX:CompressedClassSpaceSize=32m -XX:MaxDirectMemorySize=32m -XX:ThreadStackSize=448 -XX:MaxJavaStackTraceDepth=1000 -XX:-OmitStackTraceInFastThrow -XX:ActiveProcessorCount=2 -Dproxyconfigsources=tcp/541f2852aac7:19070 -Djava.io.tmpdir=${VESPA_HOME}/var/tmp -Xms32m -Xmx128m -XX:+UseTransparentHugePages -cp /opt/vespa/lib/jars/config-proxy-jar-with-dependencies.jar com.yahoo.vespa.config.proxy.ProxyServer 19090]
index-1                   | [2025-01-20 22:49:11.192] INFO    configproxy      configproxy.com.yahoo.vespa.config.proxy.RpcConfigSourceClient	Could not connect to config source at tcp/541f2852aac7:19070
index-1                   | [2025-01-20 22:49:11.195] INFO    configproxy      configproxy.com.yahoo.vespa.config.proxy.RpcConfigSourceClient	Could not connect to any config source in set [tcp/541f2852aac7:19070], please make sure config server(s) are running.
index-1                   | [2025-01-20 22:49:11.225] INFO    configproxy      configproxy.com.yahoo.vespa.config.proxy.filedistribution.FileReferencesAndDownloadsMaintainer	Not running maintainer, since this is on a config server host
index-1                   | [2025-01-20 22:49:13.510] INFO    configserver     Container.com.yahoo.container.core.config.HandlersConfigurerDi	Installing bundles for application generation 0
index-1                   | [2025-01-20 22:49:13.577] INFO    configserver     Container.com.yahoo.container.core.config.ApplicationBundleLoader	Installed bundles: {[0]org.apache.felix.framework:7.0.5, [1]standalone-container:8.277.17, [2]configdefinitions:8.277.17, [3]config-provisioning:8.277.17, [4]config-bundle:8.277.17, [5]config-model-api:8.277.17, [6]config-model:8.277.17, [7]container-disc:8.277.17, [8]hosted-zone-api:8.277.17, [9]container-apache-http-client-bundle:8.277.17, [10]security-utils:8.277.17, [11]bcprov:1.76.0, [12]bcpkix:1.76.0, [13]bcutil:1.76.0, [14]com.fasterxml.jackson.core.jackson-annotations:2.16.0, [15]com.fasterxml.jackson.core.jackson-core:2.16.0, [16]com.fasterxml.jackson.core.jackson-databind:2.16.0, [17]com.fasterxml.jackson.datatype.jackson-datatype-jdk8:2.16.0, [18]com.fasterxml.jackson.datatype.jackson-datatype-jsr310:2.16.0, [19]javax.ws.rs-api:2.1.99.b01, [20]container-spifly:1.3.7, [21]javax.servlet-api:3.1.0, [22]container-search-and-docproc:8.277.17, [23]linguistics-components:8.277.17, [24]model-evaluation:8.277.17, [25]model-integration:8.277.17, [26]container-onnxruntime:8.277.17, [27]jdisc-security-filters:8.277.17, [28]vespa-athenz:8.277.17, [29]zkfacade:8.277.17, [30]zookeeper-server:8.277.17, [31]configserver:8.277.17, [32]config-model-fat:8.277.17, [33]flags:8.277.17, [34]http-client:8.277.17, [35]node-repository:8.277.17, [36]application-model:8.277.17, [37]orchestrator:8.277.17, [38]service-monitor:8.277.17, [39]configserver-flags:8.277.17}
index-1                   | [2025-01-20 22:49:17.011] INFO    configserver     Container.com.yahoo.container.handler.threadpool.ContainerThreadpoolImpl	Threadpool 'default-pool': min=64, max=3200, queue=0
index-1                   | [2025-01-20 22:49:17.110] INFO    configserver     Container.com.yahoo.container.jdisc.state.StateMonitor	Changing health status code from 'initializing' to 'up'
index-1                   | [2025-01-20 22:49:17.169] INFO    configserver     Container.com.yahoo.jdisc.http.server.jetty.JettyHttpServer	Threadpool size: min=48, max=48
index-1                   | [2025-01-20 22:49:17.352] INFO    configserver     Container.com.yahoo.container.handler.threadpool.ContainerThreadpoolImpl	Threadpool 'default-handler-common': min=64, max=64, queue=2560
index-1                   | [2025-01-20 22:49:17.433] INFO    configserver     Container.com.yahoo.container.jdisc.ConfiguredApplication	Switching to the latest deployed set of configurations and components. Application config generation: 0
index-1                   | [2025-01-20 22:49:20.560] INFO    configproxy      configproxy.com.yahoo.vespa.config.JRTConnection	Connecting to tcp/541f2852aac7:19070
index-1                   | [2025-01-20 22:49:20.590] INFO    configproxy      configproxy.com.yahoo.config.subscription.impl.JRTConfigRequester	Request failed: Failed request (No application exists) from Connection { Socket[addr=/172.18.0.2,port=60678,localport=19070] }\nConnection spec: tcp/541f2852aac7:19070
index-1                   | [2025-01-20 22:49:27.203] INFO    configproxy      configproxy.com.yahoo.vespa.config.proxy.DelayedResponseHandler	Timed out (timeout 15000) getting config name=cloud.config.sentinel,configId=hosts/541f2852aac7, will retry
index-1                   | [2025-01-20 22:49:31.093] INFO    configserver     Container.com.yahoo.vespa.config.server.ApplicationRepository	Session 2 prepared successfully. 
index-1                   | [2025-01-20 22:49:31.167] INFO    configserver     Container.com.yahoo.jrt.slobrok.api.Mirror	no location brokers available, retrying: [] (in 0.5 seconds)
index-1                   | [2025-01-20 22:49:31.201] INFO    configserver     Container.com.yahoo.vespa.config.server.session.SessionRepository	Session activated: 2
index-1                   | [2025-01-20 22:49:31.237] INFO    configserver     Container.com.yahoo.vespa.config.server.deploy.Deployment	Session 2 activated successfully using no host provisioner. Config generation 2. File references: [file 'a4a94fc36a6509d4']
index-1                   | [2025-01-20 22:49:31.317] INFO    config-sentinel  sentinel.config.frt.frtconfigagent	No response / error from config server. This is normal before an application package is deployed. (key: name=cloud.config.sentinel,configId=hosts/541f2852aac7) (errcode=103, validresponse:0), trying again in 6.000000 seconds
index-1                   | [2025-01-20 22:49:39.027] INFO    config-sentinel  sentinel.sentinel.connectivity	Connectivity check details: 541f2852aac7 -> OK: both ways connectivity verified
index-1                   | [2025-01-20 22:49:39.027] INFO    config-sentinel  sentinel.sentinel.connectivity	All connectivity checks OK, proceeding with service startup
index-1                   | [2025-01-20 22:49:39.108] INFO    metricsproxy-container vespa-start-container-daemon	JVM env:  LD_LIBRARY_PATH=/opt/vespa/lib64:/opt/vespa-deps/lib64 MALLOC_ARENA_MAX=1 VESPA_CONFIG_ID=admin/metrics/541f2852aac7 VESPA_LOG_CONTROL_DIR=/opt/vespa/var/db/vespa/logcontrol VESPA_LOG_CONTROL_FILE=/opt/vespa/var/db/vespa/logcontrol/metricsproxy-container.logcontrol VESPA_LOG_TARGET=file:/opt/vespa/logs/vespa/vespa.log VESPA_SERVICE_NAME=metricsproxy-container
index-1                   | [2025-01-20 22:49:39.108] INFO    metricsproxy-container vespa-start-container-daemon	JVM exec: [java -Dconfig.id=admin/metrics/541f2852aac7 -Djdisc.export.packages= -XX:+PreserveFramePointer -XX:+HeapDumpOnOutOfMemoryError -XX:HeapDumpPath=/opt/vespa/var/crash -XX:ErrorFile=/opt/vespa/var/crash/hs_err_pid%p.log -XX:+ExitOnOutOfMemoryError -XX:MaxJavaStackTraceDepth=1000000 --add-opens=java.base/java.io=ALL-UNNAMED --add-opens=java.base/java.lang=ALL-UNNAMED --add-opens=java.base/java.net=ALL-UNNAMED --add-opens=java.base/java.nio=ALL-UNNAMED --add-opens=java.base/jdk.internal.loader=ALL-UNNAMED --add-opens=java.base/sun.security.ssl=ALL-UNNAMED -Djava.io.tmpdir=/opt/vespa/var/tmp -Djava.library.path=/opt/vespa/lib64:/opt/vespa-deps/lib64 -Djava.security.properties=/opt/vespa/conf/vespa/java.security.override -Djava.awt.headless=true -Dsun.rmi.dgc.client.gcInterval=3600000 -Dsun.net.client.defaultConnectTimeout=5000 -Dsun.net.client.defaultReadTimeout=60000 -Djavax.net.ssl.keyStoreType=JKS -Djdk.tls.rejectClientInitiatedRenegotiation=true -Dfile.encoding=UTF-8 -Dorg.apache.commons.logging.Log=org.apache.commons.logging.impl.Jdk14Logger -XX:ActiveProcessorCount=1 -Xms32m -Xmx256m -XX:ThreadStackSize=512 -XX:MaxDirectMemorySize=48m -XX:+UseTransparentHugePages -XX:CompressedClassSpaceSize=32m -XX:+UseG1GC -XX:MaxTenuringThreshold=15 -Djdisc.bundle.path=/opt/vespa/lib/jars -Djdisc.logger.enabled=false -Djdisc.logger.level=WARNING -Dvespa.log.control.dir=/opt/vespa/var/db/vespa/logcontrol -Djdisc.config.file=/opt/vespa/var/jdisc_container/d3f931930b132860d7856987542526a1/jdisc.properties -Djdisc.cache.path=/opt/vespa/var/jdisc_container/d3f931930b132860d7856987542526a1/bundlecache -Djdisc.logger.tag=admin/metrics/541f2852aac7 -cp /opt/vespa/lib/jars/jdisc_core-jar-with-dependencies.jar com.yahoo.jdisc.core.StandaloneMain file:/opt/vespa/lib/jars/container-disc-jar-with-dependencies.jar]
index-1                   | [2025-01-20 22:49:39.134] INFO    container        vespa-start-container-daemon	JVM env:  JAVAVM_LD_PRELOAD=/opt/vespa/lib64/vespa/malloc/libvespamalloc.so LD_LIBRARY_PATH=/opt/vespa/lib64:/opt/vespa-deps/lib64 LD_PRELOAD=/opt/vespa/lib64/vespa/malloc/libvespamalloc.so MALLOC_ARENA_MAX=1 VESPA_CONFIG_ID=default/container.0 VESPA_LOG_CONTROL_DIR=/opt/vespa/var/db/vespa/logcontrol VESPA_LOG_CONTROL_FILE=/opt/vespa/var/db/vespa/logcontrol/container.logcontrol VESPA_LOG_TARGET=file:/opt/vespa/logs/vespa/vespa.log VESPA_SERVICE_NAME=container
index-1                   | [2025-01-20 22:49:39.134] INFO    container        vespa-start-container-daemon	JVM exec: [java -Dconfig.id=default/container.0 -Djdisc.export.packages= -XX:+PreserveFramePointer -XX:+HeapDumpOnOutOfMemoryError -XX:HeapDumpPath=/opt/vespa/var/crash -XX:ErrorFile=/opt/vespa/var/crash/hs_err_pid%p.log -XX:+ExitOnOutOfMemoryError -XX:MaxJavaStackTraceDepth=1000000 --add-opens=java.base/java.io=ALL-UNNAMED --add-opens=java.base/java.lang=ALL-UNNAMED --add-opens=java.base/java.net=ALL-UNNAMED --add-opens=java.base/java.nio=ALL-UNNAMED --add-opens=java.base/jdk.internal.loader=ALL-UNNAMED --add-opens=java.base/sun.security.ssl=ALL-UNNAMED -Djava.io.tmpdir=/opt/vespa/var/tmp -Djava.library.path=/opt/vespa/lib64:/opt/vespa-deps/lib64 -Djava.security.properties=/opt/vespa/conf/vespa/java.security.override -Djava.awt.headless=true -Dsun.rmi.dgc.client.gcInterval=3600000 -Dsun.net.client.defaultConnectTimeout=5000 -Dsun.net.client.defaultReadTimeout=60000 -Djavax.net.ssl.keyStoreType=JKS -Djdk.tls.rejectClientInitiatedRenegotiation=true -Dfile.encoding=UTF-8 -Dorg.apache.commons.logging.Log=org.apache.commons.logging.impl.Jdk14Logger -XX:ActiveProcessorCount=32 -Xms1536m -Xmx1536m -XX:ThreadStackSize=512 -XX:MaxDirectMemorySize=208m -XX:+UseTransparentHugePages -XX:+UseG1GC -XX:MaxTenuringThreshold=15 -Xlog:gc -Djdisc.bundle.path=/opt/vespa/lib/jars -Djdisc.logger.enabled=false -Djdisc.logger.level=WARNING -Dvespa.log.control.dir=/opt/vespa/var/db/vespa/logcontrol -Djdisc.config.file=/opt/vespa/var/jdisc_container/002feaba455a79270f003adbe0389fef/jdisc.properties -Djdisc.cache.path=/opt/vespa/var/jdisc_container/002feaba455a79270f003adbe0389fef/bundlecache -Djdisc.logger.tag=default/container.0 -Dzookeeper_log_file_prefix=/opt/vespa/logs/vespa/zookeeper.container -cp /opt/vespa/lib/jars/jdisc_core-jar-with-dependencies.jar com.yahoo.jdisc.core.StandaloneMain file:/opt/vespa/lib/jars/container-disc-jar-with-dependencies.jar]
index-1                   | [2025-01-20 22:49:39.153] INFO    container        stdout	[0.004s][info][gc] Using G1
index-1                   | [2025-01-20 22:49:39.178] INFO    container-clustercontroller vespa-start-container-daemon	JVM env:  LD_LIBRARY_PATH=/opt/vespa/lib64:/opt/vespa-deps/lib64 MALLOC_ARENA_MAX=1 VESPA_CONFIG_ID=admin/cluster-controllers/0 VESPA_LOG_CONTROL_DIR=/opt/vespa/var/db/vespa/logcontrol VESPA_LOG_CONTROL_FILE=/opt/vespa/var/db/vespa/logcontrol/container-clustercontroller.logcontrol VESPA_LOG_TARGET=file:/opt/vespa/logs/vespa/vespa.log VESPA_SERVICE_NAME=container-clustercontroller
index-1                   | [2025-01-20 22:49:39.178] INFO    container-clustercontroller vespa-start-container-daemon	JVM exec: [java -Dconfig.id=admin/cluster-controllers/0 -Djdisc.export.packages= -XX:+PreserveFramePointer -XX:+HeapDumpOnOutOfMemoryError -XX:HeapDumpPath=/opt/vespa/var/crash -XX:ErrorFile=/opt/vespa/var/crash/hs_err_pid%p.log -XX:+ExitOnOutOfMemoryError -XX:MaxJavaStackTraceDepth=1000000 --add-opens=java.base/java.io=ALL-UNNAMED --add-opens=java.base/java.lang=ALL-UNNAMED --add-opens=java.base/java.net=ALL-UNNAMED --add-opens=java.base/java.nio=ALL-UNNAMED --add-opens=java.base/jdk.internal.loader=ALL-UNNAMED --add-opens=java.base/sun.security.ssl=ALL-UNNAMED -Djava.io.tmpdir=/opt/vespa/var/tmp -Djava.library.path=/opt/vespa/lib64:/opt/vespa-deps/lib64 -Djava.security.properties=/opt/vespa/conf/vespa/java.security.override -Djava.awt.headless=true -Dsun.rmi.dgc.client.gcInterval=3600000 -Dsun.net.client.defaultConnectTimeout=5000 -Dsun.net.client.defaultReadTimeout=60000 -Djavax.net.ssl.keyStoreType=JKS -Djdk.tls.rejectClientInitiatedRenegotiation=true -Dfile.encoding=UTF-8 -Dorg.apache.commons.logging.Log=org.apache.commons.logging.impl.Jdk14Logger -XX:ActiveProcessorCount=1 -Xms32m -Xmx128m -XX:ThreadStackSize=512 -XX:MaxDirectMemorySize=32m -XX:+UseTransparentHugePages -XX:CompressedClassSpaceSize=32m -Djdisc.bundle.path=/opt/vespa/lib/jars -Djdisc.logger.enabled=false -Djdisc.logger.level=WARNING -Dvespa.log.control.dir=/opt/vespa/var/db/vespa/logcontrol -Djdisc.config.file=/opt/vespa/var/jdisc_container/4044e8209f286312a68bbb54f8714922/jdisc.properties -Djdisc.cache.path=/opt/vespa/var/jdisc_container/4044e8209f286312a68bbb54f8714922/bundlecache -Djdisc.logger.tag=admin/cluster-controllers/0 -Dzookeeper_log_file_prefix=/opt/vespa/logs/vespa/zookeeper.container-clustercontroller -Dio.netty.allocator.pageSize=4096 -Dio.netty.allocator.maxOrder=5 -Dio.netty.allocator.numHeapArenas=1 -Dio.netty.allocator.numDirectArenas=1 -cp /opt/vespa/lib/jars/jdisc_core-jar-with-dependencies.jar com.yahoo.jdisc.core.StandaloneMain file:/opt/vespa/lib/jars/container-disc-jar-with-dependencies.jar]
index-1                   | [2025-01-20 22:49:39.276] INFO    searchnode       proton.proton.server.bootstrapconfigmanager	Filedistributorrpc config is changed
index-1                   | [2025-01-20 22:49:39.397] INFO    distributor      vds.slobrok.mirror	successfully connected to location broker tcp/541f2852aac7:19099 (mirror initialized with 0 service names)
index-1                   | [2025-01-20 22:49:39.448] INFO    distributor      vds.slobrok.mirror	successfully connected to location broker tcp/541f2852aac7:19099 (mirror initialized with 0 service names)
index-1                   | [2025-01-20 22:49:39.448] INFO    distributor      vds.slobrok.register	[RPC @ tcp/541f2852aac7:19111] registering storage/cluster.danswer_index/distributor/0/default with location broker tcp/541f2852aac7:19099 completed successfully
index-1                   | [2025-01-20 22:49:39.459] INFO    distributor      vds.slobrok.register	[RPC @ tcp/541f2852aac7:19112] registering storage/cluster.danswer_index/distributor/0 with location broker tcp/541f2852aac7:19099 completed successfully
index-1                   | [2025-01-20 22:49:39.498] INFO    distributor      vds.status	Starting status web server on port 19113.
index-1                   | [2025-01-20 22:49:39.500] INFO    searchnode       proton.proton.server.proton	Start initializing components: threads=2, configured=2
index-1                   | [2025-01-20 22:49:39.501] INFO    searchnode       proton.proton.server.proton	Add document database: doctypename(danswer_chunk_nomic_ai_nomic_embed_text_v1), configid(danswer_index/search/cluster.danswer_index/danswer_chunk_nomic_ai_nomic_embed_text_v1)
inference_model_server-1  | [94mNOTICE[0m:   01/20/2025 10:49:31 PM                    encoders.py  282: Loading nomic-ai/nomic-embed-text-v1
api_server-1              | INFO  [alembic.runtime.migration] Running upgrade e0a68a81d434 -> 3b25685ff73c, Move is_public to cc_pair
api_server-1              | INFO  [alembic.runtime.migration] Running upgrade 3b25685ff73c -> 904451035c9b, Store Tool Details
api_server-1              | INFO  [alembic.runtime.migration] Running upgrade 904451035c9b -> a570b80a5f20, UserGroup tables
indexing_model_server-1   | INFO:     Waiting for application startup.
index-1                   | [2025-01-20 22:49:39.622] INFO    configserver     Container.com.yahoo.jrt.slobrok.api.Mirror	successfully connected to location broker tcp/541f2852aac7:19099 (mirror initialized with 2 service names)
inference_model_server-1  | /usr/local/lib/python3.11/site-packages/huggingface_hub/file_download.py:795: FutureWarning: `resume_download` is deprecated and will be removed in version 1.0.0. Downloads always resume when possible. If you want to force a new download, use `force_download=True`.
relational_db-1           | 2025-01-20 22:49:11.970 UTC [37] LOG:  checkpoint complete: wrote 3 buffers (0.0%); 0 WAL file(s) added, 0 removed, 0 recycled; write=0.005 s, sync=0.003 s, total=0.021 s; sync files=2, longest=0.002 s, average=0.002 s; distance=0 kB, estimate=0 kB
relational_db-1           | 2025-01-20 22:49:11.973 UTC [36] LOG:  database system is shut down
relational_db-1           |  done
relational_db-1           | server stopped
relational_db-1           | 
relational_db-1           | PostgreSQL init process complete; ready for start up.
relational_db-1           | 
relational_db-1           | 2025-01-20 22:49:12.070 UTC [1] LOG:  starting PostgreSQL 15.2 on x86_64-pc-linux-musl, compiled by gcc (Alpine 12.2.1_git20220924-r4) 12.2.1 20220924, 64-bit
relational_db-1           | 2025-01-20 22:49:12.070 UTC [1] LOG:  listening on IPv4 address "0.0.0.0", port 5432
relational_db-1           | 2025-01-20 22:49:12.070 UTC [1] LOG:  listening on IPv6 address "::", port 5432
relational_db-1           | 2025-01-20 22:49:12.077 UTC [1] LOG:  listening on Unix socket "/var/run/postgresql/.s.PGSQL.5432"
relational_db-1           | 2025-01-20 22:49:12.085 UTC [50] LOG:  database system was shut down at 2025-01-20 22:49:11 UTC
relational_db-1           | 2025-01-20 22:49:12.091 UTC [1] LOG:  database system is ready to accept connections
relational_db-1           | 2025-01-20 22:49:16.552 UTC [56] ERROR:  column key_value_store.encrypted_value does not exist at character 100
relational_db-1           | 2025-01-20 22:49:16.552 UTC [56] STATEMENT:  SELECT key_value_store.key AS key_value_store_key, key_value_store.value AS key_value_store_value, key_value_store.encrypted_value AS key_value_store_encrypted_value 
relational_db-1           | 	FROM key_value_store 
relational_db-1           | 	WHERE key_value_store.key = 'token_budget_settings' 
relational_db-1           | 	 LIMIT 1
relational_db-1           | 2025-01-20 22:49:16.861 UTC [57] ERROR:  relation "slack_bot" does not exist at character 104
relational_db-1           | 2025-01-20 22:49:16.861 UTC [57] STATEMENT:  SELECT slack_bot.id, slack_bot.name, slack_bot.enabled, slack_bot.bot_token, slack_bot.app_token 
relational_db-1           | 	FROM slack_bot
relational_db-1           | 2025-01-20 22:49:18.931 UTC [59] ERROR:  column index_attempt.search_settings_id does not exist at character 288
indexing_model_server-1   | [94mNOTICE[0m:   01/20/2025 10:49:15 PM                        main.py   66: GPU is not available, using CPU
inference_model_server-1  |   warnings.warn(
inference_model_server-1  | <All keys matched successfully>
inference_model_server-1  | [92mINFO[0m:     01/20/2025 10:49:33 PM                    encoders.py  402: Successfully embedded 1 texts with 88 total characters with local model nomic-ai/nomic-embed-text-v1 in 1.96
inference_model_server-1  | [94mNOTICE[0m:   01/20/2025 10:49:33 PM                       utils.py   38: embed_text took 1.9656906127929688 seconds
inference_model_server-1  | [92mINFO[0m:     01/20/2025 10:49:33 PM                    h11_impl.py  499: 172.18.0.7:33674 - "POST /encoder/bi-encoder-embed HTTP/1.1" 200
inference_model_server-1  | [92mINFO[0m:     01/20/2025 10:49:33 PM                    h11_impl.py  499: 172.18.0.7:55486 - "GET /api/gpu-status HTTP/1.1" 200
index-1                   | [2025-01-20 22:49:39.733] INFO    searchnode       proton.slobrok.register	[RPC @ tcp/541f2852aac7:19105] registering danswer_index/search/cluster.danswer_index/0/realtimecontroller with location broker tcp/541f2852aac7:19099 completed successfully
index-1                   | [2025-01-20 22:49:39.737] INFO    searchnode       proton.proton.server.proton	Done initializing components
api_server-1              | INFO  [alembic.runtime.migration] Running upgrade a570b80a5f20 -> 7ccea01261f6, Store Chat Retrieval Docs
index-1                   | [2025-01-20 22:49:39.768] INFO    searchnode       proton.proton.server.documentdb	DocumentDB(danswer_chunk_nomic_ai_nomic_embed_text_v1): Applied config, state=APPLY_LIVE_CONFIG, config_state=OK, saved=no, serialNum=2, 0.003s of 0.012s in write thread
index-1                   | [2025-01-20 22:49:40.104] INFO    logd             logdemon	state server listening on port 19089
index-1                   | [2025-01-20 22:49:40.119] INFO    searchnode       proton.persistence.filestor.manager	Completed listing of 0 buckets in 0.024 milliseconds
nginx-1                   | If this takes more than ~5 minutes, check the logs of the API server container for errors with the following command:
api_server-1              | INFO  [alembic.runtime.migration] Running upgrade 7ccea01261f6 -> 78dbe7e38469, Task Tracking
nginx-1                   | 
api_server-1              | INFO  [alembic.runtime.migration] Running upgrade 78dbe7e38469 -> 7f99be1cb9f5, Add index for getting documents just by connector id / credential id
index-1                   | [2025-01-20 22:49:40.119] INFO    searchnode       proton.node.server	Storage node ready. Done initializing. Giving out of sequence metric event. Config id is danswer_index/storage/0
api_server-1              | INFO  [alembic.runtime.migration] Running upgrade 7f99be1cb9f5 -> 30c1d5744104, Persona Datetime Aware
index-1                   | [2025-01-20 22:49:40.223] INFO    container        stdout	[1.074s][info][gc] GC(0) Pause Young (Normal) (G1 Evacuation Pause) 80M->12M(1536M) 10.571ms
nginx-1                   | docker logs onyx-stack_api_server-1
index-1                   | [2025-01-20 22:49:40.230] INFO    searchnode       proton.slobrok.mirror	successfully connected to location broker tcp/541f2852aac7:19099 (mirror initialized with 3 service names)
nginx-1                   | 
nginx-1                   | API server responded with 000, retrying in 5 seconds...
api_server-1              | INFO  [alembic.runtime.migration] Running upgrade 30c1d5744104 -> ffc707a226b4, Basic Document Metadata
nginx-1                   | API server responded with 000, retrying in 5 seconds...
relational_db-1           | 2025-01-20 22:49:18.931 UTC [59] STATEMENT:  SELECT index_attempt.id, index_attempt.connector_credential_pair_id, index_attempt.from_beginning, index_attempt.status, index_attempt.new_docs_indexed, index_attempt.total_docs_indexed, index_attempt.docs_removed_from_index, index_attempt.error_msg, index_attempt.full_exception_trace, index_attempt.search_settings_id, index_attempt.time_created, index_attempt.time_started, index_attempt.time_updated 
index-1                   | [2025-01-20 22:49:40.281] INFO    searchnode       proton.slobrok.register	[RPC @ tcp/541f2852aac7:19102] registering storage/cluster.danswer_index/storage/0/default with location broker tcp/541f2852aac7:19099 completed successfully
index-1                   | [2025-01-20 22:49:40.282] INFO    searchnode       proton.slobrok.mirror	successfully connected to location broker tcp/541f2852aac7:19099 (mirror initialized with 4 service names)
nginx-1                   | API server responded with 000, retrying in 5 seconds...
indexing_model_server-1   | [94mNOTICE[0m:   01/20/2025 10:49:15 PM                        main.py   69: Moving contents of temp_huggingface to huggingface cache.
indexing_model_server-1   | [94mNOTICE[0m:   01/20/2025 10:49:17 PM                        main.py   72: Moved contents of temp_huggingface to huggingface cache.
indexing_model_server-1   | [94mNOTICE[0m:   01/20/2025 10:49:17 PM                        main.py   75: Torch Threads: 16
indexing_model_server-1   | [94mNOTICE[0m:   01/20/2025 10:49:17 PM                        main.py   80: This model server should only run document indexing.
indexing_model_server-1   | INFO:     Application startup complete.
web_server-1              |    ▲ Next.js 15.0.2
index-1                   | [2025-01-20 22:49:40.283] INFO    searchnode       proton.slobrok.register	[RPC @ tcp/541f2852aac7:19103] registering storage/cluster.danswer_index/storage/0 with location broker tcp/541f2852aac7:19099 completed successfully
relational_db-1           | 	FROM index_attempt 
index-1                   | [2025-01-20 22:49:40.312] INFO    searchnode       proton.status	Starting status web server on port 19104.
api_server-1              | INFO  [alembic.runtime.migration] Running upgrade ffc707a226b4 -> 9d97fecfab7f, Added retrieved docs to query event
index-1                   | [2025-01-20 22:49:40.946] INFO    metricsproxy-container Container.com.yahoo.container.handler.threadpool.ContainerThreadpoolImpl	Threadpool 'default-pool': min=1, max=1, queue=50
index-1                   | [2025-01-20 22:49:41.013] INFO    container        stdout	[1.865s][info][gc] GC(1) Pause Young (Normal) (G1 Evacuation Pause) 80M->16M(1536M) 6.659ms
index-1                   | [2025-01-20 22:49:41.146] INFO    metricsproxy-container Container.com.yahoo.jdisc.http.server.jetty.JettyHttpServer	Threadpool size: min=4, max=4
index-1                   | [2025-01-20 22:49:41.431] INFO    metricsproxy-container Container.com.yahoo.container.handler.threadpool.ContainerThreadpoolImpl	Threadpool 'default-handler-common': min=8, max=8, queue=650
api_server-1              | INFO  [alembic.runtime.migration] Running upgrade 9d97fecfab7f -> 46625e4745d4, Remove Native Enum
api_server-1              | INFO  [alembic.runtime.migration] Running upgrade 46625e4745d4 -> d61e513bef0a, Add Total Docs for Index Attempt
api_server-1              | INFO  [alembic.runtime.migration] Running upgrade d61e513bef0a -> 77d07dffae64, forcibly remove more enum types from postgres
api_server-1              | INFO  [alembic.runtime.migration] Running upgrade 77d07dffae64 -> 15326fcec57e, Introduce Onyx APIs
api_server-1              | INFO  [alembic.runtime.migration] Running upgrade 15326fcec57e -> 80696cf850ae, Add chat session to query_event
indexing_model_server-1   | INFO:     Uvicorn running on http://0.0.0.0:9000 (Press CTRL+C to quit)
api_server-1              | INFO  [alembic.runtime.migration] Running upgrade 80696cf850ae -> e86866a9c78a, Add persona to chat_session
api_server-1              | INFO  [alembic.runtime.migration] Running upgrade e86866a9c78a -> 7da0ae5ad583, Add description to persona
api_server-1              | INFO  [alembic.runtime.migration] Running upgrade 7da0ae5ad583 -> 50b683a8295c, Add additional retrieval controls to Persona
api_server-1              | INFO  [alembic.runtime.migration] Running upgrade 50b683a8295c -> baf71f781b9e, Add llm_model_version_override to Persona
api_server-1              | INFO  [alembic.runtime.migration] Running upgrade baf71f781b9e -> b156fa702355, Chat Reworked
api_server-1              | INFO  [alembic.runtime.migration] Running upgrade b156fa702355 -> 76b60d407dfb, CC-Pair Name not Unique
api_server-1              | INFO  [alembic.runtime.migration] Running upgrade 76b60d407dfb -> 891cd83c87a8, Add is_visible to Persona
api_server-1              | INFO  [alembic.runtime.migration] Running upgrade 891cd83c87a8 -> 904e5138fffb, Tags
nginx-1                   | API server responded with 000, retrying in 5 seconds...
nginx-1                   | API server responded with 000, retrying in 5 seconds...
nginx-1                   | API server responded with 000, retrying in 5 seconds...
nginx-1                   | API server responded with 000, retrying in 5 seconds...
nginx-1                   | API server responded with 000, retrying in 5 seconds...
nginx-1                   | API server responded with 200, starting nginx...
nginx-1                   | 2025/01/20 22:49:51 [notice] 36#36: using the "epoll" event method
nginx-1                   | 2025/01/20 22:49:51 [notice] 36#36: nginx/1.23.4
nginx-1                   | 2025/01/20 22:49:51 [notice] 36#36: built by gcc 12.2.1 20220924 (Alpine 12.2.1_git20220924-r4) 
nginx-1                   | 2025/01/20 22:49:51 [notice] 36#36: OS: Linux 6.8.0-1021-aws
nginx-1                   | 2025/01/20 22:49:51 [notice] 36#36: getrlimit(RLIMIT_NOFILE): 1048576:1048576
nginx-1                   | 2025/01/20 22:49:51 [notice] 36#36: start worker processes
nginx-1                   | 2025/01/20 22:49:51 [notice] 36#36: start worker process 38
nginx-1                   | 2025/01/20 22:49:51 [notice] 36#36: start worker process 39
nginx-1                   | 2025/01/20 22:49:51 [notice] 36#36: start worker process 40
nginx-1                   | 2025/01/20 22:49:51 [notice] 36#36: start worker process 41
nginx-1                   | 2025/01/20 22:49:51 [notice] 36#36: start worker process 42
nginx-1                   | 2025/01/20 22:49:51 [notice] 36#36: start worker process 43
nginx-1                   | 2025/01/20 22:49:51 [notice] 36#36: start worker process 44
nginx-1                   | 2025/01/20 22:49:51 [notice] 36#36: start worker process 45
nginx-1                   | 2025/01/20 22:49:51 [notice] 36#36: start worker process 46
nginx-1                   | 2025/01/20 22:49:51 [notice] 36#36: start worker process 47
nginx-1                   | 2025/01/20 22:49:51 [notice] 36#36: start worker process 48
nginx-1                   | 2025/01/20 22:49:51 [notice] 36#36: start worker process 49
index-1                   | [2025-01-20 22:49:41.449] INFO    metricsproxy-container Container.com.yahoo.container.jdisc.state.StateMonitor	Changing health status code from 'initializing' to 'up'
api_server-1              | INFO  [alembic.runtime.migration] Running upgrade 904e5138fffb -> 79acd316403a, Add api_key table
api_server-1              | INFO  [alembic.runtime.migration] Running upgrade 79acd316403a -> 7f726bad5367, Slack Followup
api_server-1              | INFO  [alembic.runtime.migration] Running upgrade 7f726bad5367 -> dbaa756c2ccf, Embedding Models
api_server-1              | INFO  [alembic.runtime.migration] Running upgrade dbaa756c2ccf -> ec3ec2eabf7b, Index From Beginning
api_server-1              | INFO  [alembic.runtime.migration] Running upgrade ec3ec2eabf7b -> 8987770549c0, Add full exception stack trace
nginx-1                   | 2025/01/20 22:49:51 [notice] 36#36: start worker process 50
api_server-1              | INFO  [alembic.runtime.migration] Running upgrade 8987770549c0 -> 5f4b8568a221, add removed documents to index_attempt
web_server-1              |    - Local:        http://72414a93a15f:3000
web_server-1              |    - Network:      http://172.18.0.9:3000
web_server-1              | 
web_server-1              |  ✓ Starting...
web_server-1              |  ✓ Ready in 62ms
index-1                   | [2025-01-20 22:49:41.481] INFO    container-clustercontroller Container.com.yahoo.container.handler.threadpool.ContainerThreadpoolImpl	Threadpool 'default-pool': min=1, max=1, queue=50
index-1                   | [2025-01-20 22:49:41.515] INFO    metricsproxy-container Container.com.yahoo.container.jdisc.ConfiguredApplication	Switching to the latest deployed set of configurations and components. Application config generation: 2
index-1                   | [2025-01-20 22:49:41.518] INFO    metricsproxy-container Container.com.yahoo.container.jdisc.ConfiguredApplication	Registered name 'vespa/service/admin/metrics/541f2852aac7' at tcp/541f2852aac7:19094 with: [tcp/541f2852aac7:19099]
index-1                   | [2025-01-20 22:49:41.522] INFO    metricsproxy-container Container.com.yahoo.jrt.slobrok.api.Register	[RPC @ tcp/541f2852aac7:19094] registering vespa/service/admin/metrics/541f2852aac7 with location broker tcp/541f2852aac7:19099 completed successfully
index-1                   | [2025-01-20 22:49:41.831] INFO    container-clustercontroller Container.com.yahoo.jdisc.http.server.jetty.JettyHttpServer	Threadpool size: min=4, max=4
index-1                   | [2025-01-20 22:49:41.981] INFO    container-clustercontroller Container.com.yahoo.container.jdisc.state.StateMonitor	Changing health status code from 'initializing' to 'up'
nginx-1                   | 2025/01/20 22:49:51 [notice] 36#36: start worker process 51
index-1                   | [2025-01-20 22:49:42.062] INFO    container        stdout	[2.914s][info][gc] GC(2) Pause Young (Concurrent Start) (Metadata GC Threshold) 31M->18M(1536M) 4.491ms
index-1                   | [2025-01-20 22:49:42.062] INFO    container        stdout	[2.914s][info][gc] GC(3) Concurrent Mark Cycle
index-1                   | [2025-01-20 22:49:42.084] INFO    container        stdout	[2.924s][info][gc] GC(3) Pause Remark 20M->20M(1536M) 4.311ms
relational_db-1           | 	WHERE index_attempt.status = 'NOT_STARTED' ORDER BY index_attempt.time_created
background-1              | 2025-01-20 22:49:11,432 INFO Set uid to user 0 succeeded
relational_db-1           | 2025-01-20 22:49:20.580 UTC [54] WARNING:  there is no transaction in progress
index-1                   | [2025-01-20 22:49:42.084] INFO    container        stdout	[2.926s][info][gc] GC(3) Pause Cleanup 21M->21M(1536M) 0.218ms
index-1                   | [2025-01-20 22:49:42.084] INFO    container        stdout	[2.933s][info][gc] GC(3) Concurrent Mark Cycle 19.323ms
index-1                   | [2025-01-20 22:49:42.133] INFO    container-clustercontroller Container.ai.vespa.reindexing.ReindexingCurator	Creating initial reindexing status at 'reindexing/v1/danswer_index/status'
index-1                   | [2025-01-20 22:49:42.183] INFO    container-clustercontroller Container.com.yahoo.container.handler.threadpool.ContainerThreadpoolImpl	Threadpool 'default-handler-common': min=8, max=8, queue=650
index-1                   | [2025-01-20 22:49:42.250] INFO    container-clustercontroller Container.com.yahoo.jrt.slobrok.api.Mirror	successfully connected to location broker tcp/541f2852aac7:19099 (mirror initialized with 6 service names)
index-1                   | [2025-01-20 22:49:42.284] INFO    container-clustercontroller Container.com.yahoo.vespa.clustercontroller.core.MasterElectionHandler	Cluster 'danswer_index': Clearing master data as we lost connection on node 0
index-1                   | [2025-01-20 22:49:42.285] INFO    container-clustercontroller Container.com.yahoo.vespa.clustercontroller.core.FleetController	Cluster 'danswer_index': Starting tick loop
index-1                   | [2025-01-20 22:49:42.285] INFO    container-clustercontroller Container.com.yahoo.vespa.clustercontroller.core.database.DatabaseHandler	Cluster 'danswer_index': Setting up new ZooKeeper session at 541f2852aac7:2181
index-1                   | [2025-01-20 22:49:42.307] INFO    container-clustercontroller Container.com.yahoo.vespa.clustercontroller.core.database.ZooKeeperDatabase	Cluster 'danswer_index': Connection to zookeeper server established. Refetching master data
index-1                   | [2025-01-20 22:49:42.338] INFO    container-clustercontroller Container.com.yahoo.container.jdisc.ConfiguredApplication	Switching to the latest deployed set of configurations and components. Application config generation: 2
index-1                   | [2025-01-20 22:49:42.341] INFO    container-clustercontroller Container.com.yahoo.container.jdisc.ConfiguredApplication	Registered name 'vespa/service/admin/cluster-controllers/0' at tcp/541f2852aac7:19115 with: [tcp/541f2852aac7:19099]
index-1                   | [2025-01-20 22:49:42.344] INFO    container-clustercontroller Container.com.yahoo.jrt.slobrok.api.Register	[RPC @ tcp/541f2852aac7:19115] registering vespa/service/admin/cluster-controllers/0 with location broker tcp/541f2852aac7:19099 completed successfully
index-1                   | [2025-01-20 22:49:42.393] INFO    container-clustercontroller Container.com.yahoo.vespa.clustercontroller.core.database.ZooKeeperDatabase	Cluster 'danswer_index': Creating ephemeral master vote node with vote to self.
background-1              | 2025-01-20 22:49:11,433 INFO supervisord started with pid 7
index-1                   | [2025-01-20 22:49:42.410] INFO    container-clustercontroller Container.com.yahoo.vespa.clustercontroller.core.database.DatabaseHandler	Cluster 'danswer_index': Done setting up new ZooKeeper session at 541f2852aac7:2181
background-1              | 2025-01-20 22:49:12,436 INFO spawned: 'celery_beat' with pid 8
index-1                   | [2025-01-20 22:49:42.414] INFO    container-clustercontroller Container.com.yahoo.vespa.clustercontroller.core.database.MasterDataGatherer	Fleetcontroller 0: Got node list response from /vespa/fleetcontroller/danswer_index/indexes version 0 with 1 nodes
